[2026-05-14 09:11:41.778] [jointLog] [info] setting maxHashResizeThreads to 8
[2026-05-14 09:11:41.778] [jointLog] [info] Fragment incompatibility prior below threshold.  Incompatible fragments will be ignored.
[2026-05-14 09:11:41.778] [jointLog] [info] Usage of --validateMappings implies use of minScoreFraction. Since not explicitly specified, it is being set to 0.65
[2026-05-14 09:11:41.778] [jointLog] [info] Setting consensusSlack to selective-alignment default of 0.35.
[2026-05-14 09:11:41.778] [jointLog] [info] parsing read library format
[2026-05-14 09:11:41.779] [jointLog] [info] There is 1 library.
[2026-05-14 09:11:41.782] [jointLog] [info] Loading pufferfish index
[2026-05-14 09:11:41.792] [jointLog] [info] Loading dense pufferfish index.
[2026-05-14 09:11:43.204] [jointLog] [info] done
[2026-05-14 09:11:43.248] [jointLog] [info] Index contained 194,142 targets
[2026-05-14 09:11:45.182] [jointLog] [info] Number of decoys : 0
[2026-05-14 09:11:45.709] [jointLog] [info] Automatically detected most likely library type as IU

[2026-05-14 09:15:13.740] [fileLog] [info] 
At end of round 0
==================
Observed 33520152 total fragments (33520152 in most recent round)

[2026-05-14 09:15:13.739] [jointLog] [info] Computed 607,341 rich equivalence classes for further processing
[2026-05-14 09:15:13.739] [jointLog] [info] Counted 28,586,646 total reads in the equivalence classes 
[2026-05-14 09:15:13.747] [jointLog] [info] Number of mappings discarded because of alignment score : 24,606,398
[2026-05-14 09:15:13.747] [jointLog] [info] Number of fragments entirely discarded because of alignment score : 1,608,432
[2026-05-14 09:15:13.747] [jointLog] [info] Number of fragments discarded because they are best-mapped to decoys : 0
[2026-05-14 09:15:13.747] [jointLog] [info] Number of fragments discarded because they have only dovetail (discordant) mappings to valid targets : 219,395
[2026-05-14 09:15:13.747] [jointLog] [info] Mapping rate = 85.282%

[2026-05-14 09:15:13.747] [jointLog] [info] finished quantifyLibrary()
[2026-05-14 09:15:13.941] [jointLog] [info] Starting optimizer
[2026-05-14 09:15:14.231] [jointLog] [info] Marked 0 weighted equivalence classes as degenerate
[2026-05-14 09:15:14.279] [jointLog] [info] iteration = 0 | max rel diff. = 6255.4
[2026-05-14 09:15:14.767] [jointLog] [info] iteration 11, adjusting effective lengths to account for biases
[2026-05-14 09:16:06.153] [jointLog] [info] Computed expected counts (for bias correction)
[2026-05-14 09:16:06.226] [jointLog] [info] processed bias for 0.0% of the transcripts
[2026-05-14 09:16:09.818] [jointLog] [info] processed bias for 10.0% of the transcripts
[2026-05-14 09:16:13.758] [jointLog] [info] processed bias for 20.0% of the transcripts
[2026-05-14 09:16:17.694] [jointLog] [info] processed bias for 30.0% of the transcripts
[2026-05-14 09:16:21.973] [jointLog] [info] processed bias for 40.0% of the transcripts
[2026-05-14 09:16:26.158] [jointLog] [info] processed bias for 50.0% of the transcripts
[2026-05-14 09:16:30.739] [jointLog] [info] processed bias for 60.0% of the transcripts
[2026-05-14 09:16:35.069] [jointLog] [info] processed bias for 70.0% of the transcripts
[2026-05-14 09:16:39.183] [jointLog] [info] processed bias for 80.0% of the transcripts
[2026-05-14 09:16:41.431] [jointLog] [info] processed bias for 90.0% of the transcripts
[2026-05-14 09:16:45.128] [jointLog] [info] processed bias for 100.0% of the transcripts
[2026-05-14 09:16:49.971] [jointLog] [info] iteration = 100 | max rel diff. = 19.0514
[2026-05-14 09:16:55.102] [jointLog] [info] iteration = 200 | max rel diff. = 11.6525
[2026-05-14 09:17:00.230] [jointLog] [info] iteration = 300 | max rel diff. = 4.59827
[2026-05-14 09:17:05.390] [jointLog] [info] iteration = 400 | max rel diff. = 8.19598
[2026-05-14 09:17:10.533] [jointLog] [info] iteration = 500 | max rel diff. = 9.40653
[2026-05-14 09:17:15.683] [jointLog] [info] iteration = 600 | max rel diff. = 0.0829412
[2026-05-14 09:17:20.812] [jointLog] [info] iteration = 700 | max rel diff. = 1.90425
[2026-05-14 09:17:26.007] [jointLog] [info] iteration = 800 | max rel diff. = 0.205668
[2026-05-14 09:17:31.161] [jointLog] [info] iteration = 900 | max rel diff. = 2.40536
[2026-05-14 09:17:36.301] [jointLog] [info] iteration = 1,000 | max rel diff. = 0.315967
[2026-05-14 09:17:41.478] [jointLog] [info] iteration = 1,100 | max rel diff. = 0.393428
[2026-05-14 09:17:46.618] [jointLog] [info] iteration = 1,200 | max rel diff. = 0.130954
[2026-05-14 09:17:51.775] [jointLog] [info] iteration = 1,300 | max rel diff. = 0.0762828
[2026-05-14 09:17:56.898] [jointLog] [info] iteration = 1,400 | max rel diff. = 0.329795
[2026-05-14 09:18:02.026] [jointLog] [info] iteration = 1,500 | max rel diff. = 0.146816
[2026-05-14 09:18:07.178] [jointLog] [info] iteration = 1,600 | max rel diff. = 0.0611196
[2026-05-14 09:18:12.315] [jointLog] [info] iteration = 1,700 | max rel diff. = 4.61583
[2026-05-14 09:18:17.445] [jointLog] [info] iteration = 1,800 | max rel diff. = 0.0308502
[2026-05-14 09:18:22.613] [jointLog] [info] iteration = 1,900 | max rel diff. = 0.071722
[2026-05-14 09:18:27.744] [jointLog] [info] iteration = 2,000 | max rel diff. = 0.0178479
[2026-05-14 09:18:32.861] [jointLog] [info] iteration = 2,100 | max rel diff. = 0.0205527
[2026-05-14 09:18:37.997] [jointLog] [info] iteration = 2,200 | max rel diff. = 0.129023
[2026-05-14 09:18:40.462] [jointLog] [info] iteration = 2,249 | max rel diff. = 0.00536245
[2026-05-14 09:18:40.605] [jointLog] [info] Finished optimizer
[2026-05-14 09:18:40.605] [jointLog] [info] writing output 

