[2026-05-14 09:53:47.719] [jointLog] [info] setting maxHashResizeThreads to 8
[2026-05-14 09:53:47.719] [jointLog] [info] Fragment incompatibility prior below threshold.  Incompatible fragments will be ignored.
[2026-05-14 09:53:47.719] [jointLog] [info] Usage of --validateMappings implies use of minScoreFraction. Since not explicitly specified, it is being set to 0.65
[2026-05-14 09:53:47.719] [jointLog] [info] Setting consensusSlack to selective-alignment default of 0.35.
[2026-05-14 09:53:47.719] [jointLog] [info] parsing read library format
[2026-05-14 09:53:47.719] [jointLog] [info] There is 1 library.
[2026-05-14 09:53:47.720] [jointLog] [info] Loading pufferfish index
[2026-05-14 09:53:47.735] [jointLog] [info] Loading dense pufferfish index.
[2026-05-14 09:53:49.214] [jointLog] [info] done
[2026-05-14 09:53:49.257] [jointLog] [info] Index contained 194,142 targets
[2026-05-14 09:53:51.174] [jointLog] [info] Number of decoys : 0
[2026-05-14 09:53:51.732] [jointLog] [info] Automatically detected most likely library type as IU

[2026-05-14 09:56:30.898] [fileLog] [info] 
At end of round 0
==================
Observed 23540794 total fragments (23540794 in most recent round)

[2026-05-14 09:56:30.897] [jointLog] [info] Computed 475,235 rich equivalence classes for further processing
[2026-05-14 09:56:30.897] [jointLog] [info] Counted 20,355,431 total reads in the equivalence classes 
[2026-05-14 09:56:30.905] [jointLog] [info] Number of mappings discarded because of alignment score : 21,536,684
[2026-05-14 09:56:30.905] [jointLog] [info] Number of fragments entirely discarded because of alignment score : 928,605
[2026-05-14 09:56:30.905] [jointLog] [info] Number of fragments discarded because they are best-mapped to decoys : 0
[2026-05-14 09:56:30.905] [jointLog] [info] Number of fragments discarded because they have only dovetail (discordant) mappings to valid targets : 135,633
[2026-05-14 09:56:30.906] [jointLog] [info] Mapping rate = 86.4688%

[2026-05-14 09:56:30.906] [jointLog] [info] finished quantifyLibrary()
[2026-05-14 09:56:31.005] [jointLog] [info] Starting optimizer
[2026-05-14 09:56:31.239] [jointLog] [info] Marked 0 weighted equivalence classes as degenerate
[2026-05-14 09:56:31.282] [jointLog] [info] iteration = 0 | max rel diff. = 6159.38
[2026-05-14 09:56:31.728] [jointLog] [info] iteration 11, adjusting effective lengths to account for biases
[2026-05-14 09:57:08.060] [jointLog] [info] Computed expected counts (for bias correction)
[2026-05-14 09:57:08.065] [jointLog] [info] processed bias for 0.0% of the transcripts
[2026-05-14 09:57:10.641] [jointLog] [info] processed bias for 10.0% of the transcripts
[2026-05-14 09:57:13.468] [jointLog] [info] processed bias for 20.0% of the transcripts
[2026-05-14 09:57:16.407] [jointLog] [info] processed bias for 30.0% of the transcripts
[2026-05-14 09:57:19.370] [jointLog] [info] processed bias for 40.0% of the transcripts
[2026-05-14 09:57:22.500] [jointLog] [info] processed bias for 50.0% of the transcripts
[2026-05-14 09:57:25.229] [jointLog] [info] processed bias for 60.0% of the transcripts
[2026-05-14 09:57:27.208] [jointLog] [info] processed bias for 70.0% of the transcripts
[2026-05-14 09:57:29.768] [jointLog] [info] processed bias for 80.0% of the transcripts
[2026-05-14 09:57:33.084] [jointLog] [info] processed bias for 90.0% of the transcripts
[2026-05-14 09:57:36.334] [jointLog] [info] processed bias for 100.0% of the transcripts
[2026-05-14 09:57:40.511] [jointLog] [info] iteration = 100 | max rel diff. = 20.0501
[2026-05-14 09:57:44.978] [jointLog] [info] iteration = 200 | max rel diff. = 13.664
[2026-05-14 09:57:49.491] [jointLog] [info] iteration = 300 | max rel diff. = 3.14849
[2026-05-14 09:57:53.995] [jointLog] [info] iteration = 400 | max rel diff. = 4.5075
[2026-05-14 09:57:58.469] [jointLog] [info] iteration = 500 | max rel diff. = 6.93259
[2026-05-14 09:58:02.933] [jointLog] [info] iteration = 600 | max rel diff. = 7.28657
[2026-05-14 09:58:07.487] [jointLog] [info] iteration = 700 | max rel diff. = 12.1533
[2026-05-14 09:58:11.950] [jointLog] [info] iteration = 800 | max rel diff. = 0.702435
[2026-05-14 09:58:16.420] [jointLog] [info] iteration = 900 | max rel diff. = 0.733774
[2026-05-14 09:58:20.911] [jointLog] [info] iteration = 1,000 | max rel diff. = 1.07148
[2026-05-14 09:58:25.389] [jointLog] [info] iteration = 1,100 | max rel diff. = 0.400878
[2026-05-14 09:58:29.862] [jointLog] [info] iteration = 1,200 | max rel diff. = 0.0344478
[2026-05-14 09:58:34.370] [jointLog] [info] iteration = 1,300 | max rel diff. = 0.535847
[2026-05-14 09:58:38.830] [jointLog] [info] iteration = 1,400 | max rel diff. = 0.0429857
[2026-05-14 09:58:43.295] [jointLog] [info] iteration = 1,500 | max rel diff. = 0.101616
[2026-05-14 09:58:47.759] [jointLog] [info] iteration = 1,600 | max rel diff. = 0.172974
[2026-05-14 09:58:52.288] [jointLog] [info] iteration = 1,700 | max rel diff. = 0.876578
[2026-05-14 09:58:56.803] [jointLog] [info] iteration = 1,800 | max rel diff. = 0.0247738
[2026-05-14 09:59:01.311] [jointLog] [info] iteration = 1,900 | max rel diff. = 0.201646
[2026-05-14 09:59:05.800] [jointLog] [info] iteration = 2,000 | max rel diff. = 0.00869219
[2026-05-14 09:59:05.800] [jointLog] [info] iteration = 2,001 | max rel diff. = 0.00869219
[2026-05-14 09:59:05.935] [jointLog] [info] Finished optimizer
[2026-05-14 09:59:05.936] [jointLog] [info] writing output 

