[2026-05-14 09:31:14.684] [jointLog] [info] setting maxHashResizeThreads to 8
[2026-05-14 09:31:14.684] [jointLog] [info] Fragment incompatibility prior below threshold.  Incompatible fragments will be ignored.
[2026-05-14 09:31:14.684] [jointLog] [info] Usage of --validateMappings implies use of minScoreFraction. Since not explicitly specified, it is being set to 0.65
[2026-05-14 09:31:14.684] [jointLog] [info] Setting consensusSlack to selective-alignment default of 0.35.
[2026-05-14 09:31:14.684] [jointLog] [info] parsing read library format
[2026-05-14 09:31:14.684] [jointLog] [info] There is 1 library.
[2026-05-14 09:31:14.686] [jointLog] [info] Loading pufferfish index
[2026-05-14 09:31:14.691] [jointLog] [info] Loading dense pufferfish index.
[2026-05-14 09:31:16.062] [jointLog] [info] done
[2026-05-14 09:31:16.105] [jointLog] [info] Index contained 194,142 targets
[2026-05-14 09:31:18.021] [jointLog] [info] Number of decoys : 0
[2026-05-14 09:31:18.564] [jointLog] [info] Automatically detected most likely library type as IU

[2026-05-14 09:34:15.876] [jointLog] [info] Computed 578,148 rich equivalence classes for further processing
[2026-05-14 09:34:15.876] [jointLog] [info] Counted 23,079,085 total reads in the equivalence classes 
[2026-05-14 09:34:15.924] [jointLog] [info] Number of mappings discarded because of alignment score : 23,238,057
[2026-05-14 09:34:15.924] [jointLog] [info] Number of fragments entirely discarded because of alignment score : 1,592,464
[2026-05-14 09:34:15.924] [jointLog] [info] Number of fragments discarded because they are best-mapped to decoys : 0
[2026-05-14 09:34:15.924] [jointLog] [info] Number of fragments discarded because they have only dovetail (discordant) mappings to valid targets : 198,494
[2026-05-14 09:34:15.925] [jointLog] [info] Mapping rate = 82.4113%

[2026-05-14 09:34:15.925] [jointLog] [info] finished quantifyLibrary()
[2026-05-14 09:34:16.003] [jointLog] [info] Starting optimizer
[2026-05-14 09:34:15.882] [fileLog] [info] 
At end of round 0
==================
Observed 28004763 total fragments (28004763 in most recent round)

[2026-05-14 09:34:16.275] [jointLog] [info] Marked 0 weighted equivalence classes as degenerate
[2026-05-14 09:34:16.325] [jointLog] [info] iteration = 0 | max rel diff. = 6317.51
[2026-05-14 09:34:16.823] [jointLog] [info] iteration 11, adjusting effective lengths to account for biases
[2026-05-14 09:35:09.232] [jointLog] [info] Computed expected counts (for bias correction)
[2026-05-14 09:35:09.363] [jointLog] [info] processed bias for 0.0% of the transcripts
[2026-05-14 09:35:13.091] [jointLog] [info] processed bias for 10.0% of the transcripts
[2026-05-14 09:35:17.218] [jointLog] [info] processed bias for 20.0% of the transcripts
[2026-05-14 09:35:21.273] [jointLog] [info] processed bias for 30.0% of the transcripts
[2026-05-14 09:35:25.645] [jointLog] [info] processed bias for 40.0% of the transcripts
[2026-05-14 09:35:30.207] [jointLog] [info] processed bias for 50.0% of the transcripts
[2026-05-14 09:35:34.381] [jointLog] [info] processed bias for 60.0% of the transcripts
[2026-05-14 09:35:38.138] [jointLog] [info] processed bias for 70.0% of the transcripts
[2026-05-14 09:35:41.011] [jointLog] [info] processed bias for 80.0% of the transcripts
[2026-05-14 09:35:44.708] [jointLog] [info] processed bias for 90.0% of the transcripts
[2026-05-14 09:35:49.004] [jointLog] [info] processed bias for 100.0% of the transcripts
[2026-05-14 09:35:53.584] [jointLog] [info] iteration = 100 | max rel diff. = 20.1744
[2026-05-14 09:35:58.457] [jointLog] [info] iteration = 200 | max rel diff. = 15.1998
[2026-05-14 09:36:03.346] [jointLog] [info] iteration = 300 | max rel diff. = 15.358
[2026-05-14 09:36:08.255] [jointLog] [info] iteration = 400 | max rel diff. = 16.5267
[2026-05-14 09:36:13.176] [jointLog] [info] iteration = 500 | max rel diff. = 1.18061
[2026-05-14 09:36:18.055] [jointLog] [info] iteration = 600 | max rel diff. = 1.53856
[2026-05-14 09:36:22.906] [jointLog] [info] iteration = 700 | max rel diff. = 0.278629
[2026-05-14 09:36:27.774] [jointLog] [info] iteration = 800 | max rel diff. = 0.305583
[2026-05-14 09:36:32.731] [jointLog] [info] iteration = 900 | max rel diff. = 0.397559
[2026-05-14 09:36:37.667] [jointLog] [info] iteration = 1,000 | max rel diff. = 0.234684
[2026-05-14 09:36:42.541] [jointLog] [info] iteration = 1,100 | max rel diff. = 0.27648
[2026-05-14 09:36:47.523] [jointLog] [info] iteration = 1,200 | max rel diff. = 0.0328498
[2026-05-14 09:36:52.446] [jointLog] [info] iteration = 1,300 | max rel diff. = 0.0324825
[2026-05-14 09:36:57.327] [jointLog] [info] iteration = 1,400 | max rel diff. = 0.0396518
[2026-05-14 09:37:02.289] [jointLog] [info] iteration = 1,500 | max rel diff. = 0.0339269
[2026-05-14 09:37:07.205] [jointLog] [info] iteration = 1,600 | max rel diff. = 0.0293819
[2026-05-14 09:37:12.102] [jointLog] [info] iteration = 1,700 | max rel diff. = 0.197359
[2026-05-14 09:37:17.003] [jointLog] [info] iteration = 1,800 | max rel diff. = 0.0325061
[2026-05-14 09:37:21.965] [jointLog] [info] iteration = 1,900 | max rel diff. = 0.0341757
[2026-05-14 09:37:26.865] [jointLog] [info] iteration = 2,000 | max rel diff. = 0.0479151
[2026-05-14 09:37:31.759] [jointLog] [info] iteration = 2,100 | max rel diff. = 0.0495027
[2026-05-14 09:37:36.670] [jointLog] [info] iteration = 2,200 | max rel diff. = 0.0384962
[2026-05-14 09:37:38.760] [jointLog] [info] iteration = 2,244 | max rel diff. = 0.00699188
[2026-05-14 09:37:38.944] [jointLog] [info] Finished optimizer
[2026-05-14 09:37:38.944] [jointLog] [info] writing output 

