[2026-05-14 09:18:43.379] [jointLog] [info] setting maxHashResizeThreads to 8
[2026-05-14 09:18:43.379] [jointLog] [info] Fragment incompatibility prior below threshold.  Incompatible fragments will be ignored.
[2026-05-14 09:18:43.379] [jointLog] [info] Usage of --validateMappings implies use of minScoreFraction. Since not explicitly specified, it is being set to 0.65
[2026-05-14 09:18:43.379] [jointLog] [info] Setting consensusSlack to selective-alignment default of 0.35.
[2026-05-14 09:18:43.379] [jointLog] [info] parsing read library format
[2026-05-14 09:18:43.379] [jointLog] [info] There is 1 library.
[2026-05-14 09:18:43.381] [jointLog] [info] Loading pufferfish index
[2026-05-14 09:18:43.392] [jointLog] [info] Loading dense pufferfish index.
[2026-05-14 09:18:44.835] [jointLog] [info] done
[2026-05-14 09:18:44.878] [jointLog] [info] Index contained 194,142 targets
[2026-05-14 09:18:46.798] [jointLog] [info] Number of decoys : 0
[2026-05-14 09:18:47.313] [jointLog] [info] Automatically detected most likely library type as IU

[2026-05-14 09:20:48.971] [fileLog] [info] 
At end of round 0
==================
Observed 20481044 total fragments (20481044 in most recent round)

[2026-05-14 09:20:48.968] [jointLog] [info] Computed 498,376 rich equivalence classes for further processing
[2026-05-14 09:20:48.970] [jointLog] [info] Counted 17,406,180 total reads in the equivalence classes 
[2026-05-14 09:20:48.984] [jointLog] [info] Number of mappings discarded because of alignment score : 15,288,566
[2026-05-14 09:20:48.984] [jointLog] [info] Number of fragments entirely discarded because of alignment score : 1,032,351
[2026-05-14 09:20:48.984] [jointLog] [info] Number of fragments discarded because they are best-mapped to decoys : 0
[2026-05-14 09:20:48.984] [jointLog] [info] Number of fragments discarded because they have only dovetail (discordant) mappings to valid targets : 135,769
[2026-05-14 09:20:48.984] [jointLog] [info] Mapping rate = 84.9868%

[2026-05-14 09:20:48.984] [jointLog] [info] finished quantifyLibrary()
[2026-05-14 09:20:49.112] [jointLog] [info] Starting optimizer
[2026-05-14 09:20:49.353] [jointLog] [info] Marked 0 weighted equivalence classes as degenerate
[2026-05-14 09:20:49.396] [jointLog] [info] iteration = 0 | max rel diff. = 5820.58
[2026-05-14 09:20:49.847] [jointLog] [info] iteration 11, adjusting effective lengths to account for biases
[2026-05-14 09:21:40.249] [jointLog] [info] Computed expected counts (for bias correction)
[2026-05-14 09:21:40.317] [jointLog] [info] processed bias for 0.0% of the transcripts
[2026-05-14 09:21:43.814] [jointLog] [info] processed bias for 10.0% of the transcripts
[2026-05-14 09:21:47.579] [jointLog] [info] processed bias for 20.0% of the transcripts
[2026-05-14 09:21:51.556] [jointLog] [info] processed bias for 30.0% of the transcripts
[2026-05-14 09:21:55.615] [jointLog] [info] processed bias for 40.0% of the transcripts
[2026-05-14 09:21:59.851] [jointLog] [info] processed bias for 50.0% of the transcripts
[2026-05-14 09:22:03.493] [jointLog] [info] processed bias for 60.0% of the transcripts
[2026-05-14 09:22:06.202] [jointLog] [info] processed bias for 70.0% of the transcripts
[2026-05-14 09:22:10.545] [jointLog] [info] processed bias for 80.0% of the transcripts
[2026-05-14 09:22:14.148] [jointLog] [info] processed bias for 90.0% of the transcripts
[2026-05-14 09:22:18.456] [jointLog] [info] processed bias for 100.0% of the transcripts
[2026-05-14 09:22:22.857] [jointLog] [info] iteration = 100 | max rel diff. = 19.2215
[2026-05-14 09:22:27.525] [jointLog] [info] iteration = 200 | max rel diff. = 19.2758
[2026-05-14 09:22:32.225] [jointLog] [info] iteration = 300 | max rel diff. = 7.65139
[2026-05-14 09:22:36.891] [jointLog] [info] iteration = 400 | max rel diff. = 10.6894
[2026-05-14 09:22:41.549] [jointLog] [info] iteration = 500 | max rel diff. = 2.3509
[2026-05-14 09:22:46.232] [jointLog] [info] iteration = 600 | max rel diff. = 0.690932
[2026-05-14 09:22:50.896] [jointLog] [info] iteration = 700 | max rel diff. = 1.55091
[2026-05-14 09:22:55.558] [jointLog] [info] iteration = 800 | max rel diff. = 0.507385
[2026-05-14 09:23:00.248] [jointLog] [info] iteration = 900 | max rel diff. = 0.267906
[2026-05-14 09:23:04.914] [jointLog] [info] iteration = 1,000 | max rel diff. = 0.0526536
[2026-05-14 09:23:09.581] [jointLog] [info] iteration = 1,100 | max rel diff. = 0.0544404
[2026-05-14 09:23:14.278] [jointLog] [info] iteration = 1,200 | max rel diff. = 0.793267
[2026-05-14 09:23:18.957] [jointLog] [info] iteration = 1,300 | max rel diff. = 0.0747556
[2026-05-14 09:23:23.627] [jointLog] [info] iteration = 1,400 | max rel diff. = 0.0285748
[2026-05-14 09:23:27.462] [jointLog] [info] iteration = 1,483 | max rel diff. = 0.00688538
[2026-05-14 09:23:27.618] [jointLog] [info] Finished optimizer
[2026-05-14 09:23:27.619] [jointLog] [info] writing output 

